{MetaLog::Entity GenericEntity65536 header={type=65536,checksum=-603951616,id=2,flags=0,length=4} payload={value=110}
{MetaLog::Entity GenericEntity65537 header={type=65537,checksum=-771725056,id=3,flags=0,length=4} payload={value=105}
{MetaLog::Entity GenericEntity65538 header={type=65538,checksum=-738170368,id=4,flags=0,length=4} payload={value=106}
{MetaLog::Entity GenericEntity65540 header={type=65540,checksum=-671060992,id=6,flags=0,length=4} payload={value=108}
{MetaLog::Entity GenericEntity65541 header={type=65541,checksum=-570396928,id=7,flags=0,length=4} payload={value=111}
{MetaLog::Entity GenericEntity65542 header={type=65542,checksum=-671060992,id=8,flags=0,length=4} payload={value=108}
{MetaLog::Entity GenericEntity65543 header={type=65543,checksum=-771725056,id=9,flags=0,length=4} payload={value=105}
{MetaLog::Entity GenericEntity65544 header={type=65544,checksum=-771725056,id=10,flags=0,length=4} payload={value=105}
{MetaLog::Entity GenericEntity65545 header={type=65545,checksum=-738170368,id=11,flags=0,length=4} payload={value=106}
{MetaLog::Entity GenericEntity65546 header={type=65546,checksum=-805279744,id=12,flags=0,length=4} payload={value=104}
{MetaLog::Entity GenericEntity65547 header={type=65547,checksum=-704615680,id=13,flags=0,length=4} payload={value=107}
{MetaLog::Entity GenericEntity65548 header={type=65548,checksum=-738170368,id=14,flags=0,length=4} payload={value=106}
{MetaLog::Entity GenericEntity65549 header={type=65549,checksum=-771725056,id=15,flags=0,length=4} payload={value=105}
{MetaLog::Entity GenericEntity65550 header={type=65550,checksum=-637506304,id=16,flags=0,length=4} payload={value=109}
{MetaLog::Entity GenericEntity65551 header={type=65551,checksum=-671060992,id=17,flags=0,length=4} payload={value=108}
{MetaLog::Entity GenericEntity65552 header={type=65552,checksum=-838834432,id=18,flags=0,length=4} payload={value=103}
{MetaLog::Entity GenericEntity65554 header={type=65554,checksum=-570396928,id=20,flags=0,length=4} payload={value=111}
{MetaLog::Entity GenericEntity65555 header={type=65555,checksum=-603951616,id=21,flags=0,length=4} payload={value=110}
{MetaLog::Entity GenericEntity65556 header={type=65556,checksum=-671060992,id=22,flags=0,length=4} payload={value=108}
{MetaLog::Entity GenericEntity65557 header={type=65557,checksum=-570396928,id=23,flags=0,length=4} payload={value=111}
{MetaLog::Entity GenericEntity65559 header={type=65559,checksum=-805279744,id=25,flags=0,length=4} payload={value=104}
{MetaLog::Entity GenericEntity65560 header={type=65560,checksum=-570396928,id=26,flags=0,length=4} payload={value=111}
{MetaLog::Entity GenericEntity65561 header={type=65561,checksum=-671060992,id=27,flags=0,length=4} payload={value=108}
{MetaLog::Entity GenericEntity65562 header={type=65562,checksum=-536842240,id=28,flags=0,length=4} payload={value=112}
{MetaLog::Entity GenericEntity65563 header={type=65563,checksum=-738170368,id=29,flags=0,length=4} payload={value=106}
{MetaLog::Entity GenericEntity65564 header={type=65564,checksum=-637506304,id=30,flags=0,length=4} payload={value=109}
{MetaLog::Entity GenericEntity65565 header={type=65565,checksum=-738170368,id=31,flags=0,length=4} payload={value=106}
{MetaLog::Entity GenericEntity65566 header={type=65566,checksum=-503287552,id=32,flags=0,length=4} payload={value=113}
{MetaLog::Entity GenericEntity65567 header={type=65567,checksum=-738170368,id=33,flags=0,length=4} payload={value=106}
{MetaLog::Entity GenericEntity65568 header={type=65568,checksum=-671060992,id=34,flags=0,length=4} payload={value=108}
