too few fields (1 1 * *)
too many fields (1 1 * * * *)
bad specification (1-2/2/4 1 * * *)
* 1 * * *
1-8 1 * * *
bad specification (1-8/a 1 * * *)
bad specification (*-8 1 * * *)
bad specification (1-2b 1 * * *)
bad specification (1-2-3 1 * * *)
1 * * * *
2-3 * * * *
* 1-2,7 * * *
* 0,2,4,6,8,10,12,14,16,18,20,22 * * *
* 0,3,6,9,12,15,18,21 * * *
* * * * *
bad specification (60 * * * *)
bad specification (* 24 * * *)
bad specification (* * 0 * *)
bad specification (* * 32 * *)
bad specification (* * * 0 *)
bad specification (* * * 13 *)
* * * 3-5 *
* * 14-29 * *
0 0 28 1 *
Sun Sep  2 01:00:00 2012 -> Mon Feb 29 00:00:00 2016
Tue Mar  1 00:00:00 2016 -> Sat Feb 29 00:00:00 2020
Mon Mar  1 00:00:00 2100 -> Fri Feb 29 00:00:00 2104
Tue Feb 29 00:00:00 2000 -> Tue Feb 29 00:00:00 2000
0 0 * * 0,7
Mon Sep  3 01:00:00 2012 -> Sun Sep  9 00:00:00 2012
Mon Sep 10 01:00:00 2012 -> Sun Sep 16 00:00:00 2012
0 0 * * *
Sun Sep  2 03:27:00 2012 -> Mon Sep  3 00:00:00 2012
Mon Sep  3 12:09:00 2012 -> Tue Sep  4 00:00:00 2012
Tue Sep  4 17:44:00 2012 -> Wed Sep  5 00:00:00 2012
Wed Sep  5 12:00:00 2012 -> Thu Sep  6 00:00:00 2012
30 12 2,4 * *
Mon Sep  3 15:00:00 2012 -> Wed Sep  5 12:30:00 2012
Mon Sep  3 12:00:00 2012 -> Mon Sep  3 12:30:00 2012
Mon Sep  3 12:30:00 2012 -> Mon Sep  3 12:30:00 2012
Mon Sep  3 12:31:00 2012 -> Wed Sep  5 12:30:00 2012
